;;; 
Export: Release 23.26.2.0.0 - Production on Fri Oct 9 17:08:00 2026
Version 23.26.2.0.0

Copyright (c) 1982, 2026, Oracle and/or its affiliates.  All rights reserved.
;;; 
Connected to: Oracle AI Database 26ai Free Release 23.26.3.0.0 - Develop, Learn, and Run for Free
Starting "SYSTEM"."SYS_EXPORT_SCHEMA_01":  system/********@//localhost:1522/FREEPDB1 SCHEMAS=SYSTEM DIRECTORY=DATA_PUMP_DIR DUMPFILE=oracle_backup_2026-10-09_17-08-00.dmp LOGFILE=oracle_backup_2026-10-09_17-08-00.log REUSE_DUMPFILES=NO 
Processing object type SCHEMA_EXPORT/TABLE/TABLE_DATA
Processing object type SCHEMA_EXPORT/TABLE/INDEX/STATISTICS/INDEX_STATISTICS
Processing object type SCHEMA_EXPORT/TABLE/STATISTICS/TABLE_STATISTICS
Processing object type SCHEMA_EXPORT/DEFAULT_ROLE
Processing object type SCHEMA_EXPORT/PRE_SCHEMA/PROCACT_SCHEMA/LOGREP
Processing object type SCHEMA_EXPORT/SEQUENCE/SEQUENCE
Processing object type SCHEMA_EXPORT/TABLE/TABLE
Processing object type SCHEMA_EXPORT/TABLE/COMMENT
Processing object type SCHEMA_EXPORT/TABLE/IDENTITY_COLUMN
Processing object type SCHEMA_EXPORT/FUNCTION/FUNCTION
Processing object type SCHEMA_EXPORT/PROCEDURE/PROCEDURE
Processing object type SCHEMA_EXPORT/FUNCTION/ALTER_FUNCTION
Processing object type SCHEMA_EXPORT/PROCEDURE/ALTER_PROCEDURE
Processing object type SCHEMA_EXPORT/VIEW/VIEW
Processing object type SCHEMA_EXPORT/TABLE/INDEX/INDEX
Processing object type SCHEMA_EXPORT/TABLE/CONSTRAINT/CONSTRAINT
Processing object type SCHEMA_EXPORT/TABLE/CONSTRAINT/REF_CONSTRAINT
Processing object type SCHEMA_EXPORT/TABLE/TRIGGER
. . exported "SYSTEM"."EMPLOYEES"                          7.6 KB       5 rows
. . exported "SYSTEM"."ACCOUNT_AUDIT"                      7.6 KB       4 rows
. . exported "SYSTEM"."ACCOUNTS"                           6.1 KB       4 rows
. . exported "SYSTEM"."DEPARTMENTS"                        5.6 KB       3 rows
. . exported "SYSTEM"."CATEGORY"                            11 KB      86 rows
. . exported "SYSTEM"."INVOICES"                             0 KB       0 rows
. . exported "SYSTEM"."PRODUCT"                              7 KB       2 rows
Master table "SYSTEM"."SYS_EXPORT_SCHEMA_01" successfully loaded/unloaded
******************************************************************************
Dump file set for SYSTEM.SYS_EXPORT_SCHEMA_01 is:
  /opt/oracle/admin/FREE/dpdump/5621983B6DFB0909E0630B00580A528D/oracle_backup_2026-10-09_17-08-00.dmp
Job "SYSTEM"."SYS_EXPORT_SCHEMA_01" successfully completed at Fri Oct 9 10:08:15 2026 elapsed 0 00:00:10
